# Lab worktree notes (generated)

Lab generated this file for this instance's worktree. It is regenerated on
every spawn and listed in `.git/info/exclude` — never commit it, never copy
it into the repository.

## Tracker binding

This repository's tracker binding is **builtin**: its issues live in lab's
built-in tracker, and `labctl pr create` opens a **change request** that is
reviewed and merged in the lab UI — there is no forge PR page.

## labctl — the tracker surface

Use `labctl` for all issue and PR/change-request work in this session.
`LAB_URL` and `LAB_TOKEN` are already provided in the environment — no setup,
no login.

    labctl issue view [n]                 show the run's claimed issue (or issue n), with comments
    labctl issue list                     list open issues (number, state, created, labels, title)
    labctl issue create --title T --body B [--labels a,b]
                                          file a new issue, labels attached at creation
    labctl issue edit <n> [--title T] [--body B]
                                          edit issue n's title and/or body (omitted flag untouched)
    labctl issue comment <n> <body>       comment on issue n
    labctl issue label add <n> <a,b>      add labels (comma-separated) to issue n
    labctl issue label remove <n> <a,b>   remove labels from issue n
    labctl issue close <n>                close issue n (comment the reason first)
    labctl label list                     list the repo's labels (name, color, description)
    labctl label create --name N [--color C --description D]
                                          create the label if missing (idempotent)
    labctl pr create --title T --body B   open a PR/CR for the current branch

A PR/CR body must reference the issue it resolves with `Closes #<n>`.
Applying a label the repository does not define is an error — create it
first with `labctl label create` (safe to run unconditionally). To close an
issue as wontfix or done, post the explanation comment first, then close.
For `labctl issue edit`, `--body ""` clears the body, but `--title ""`
is rejected — the title must stay non-empty.

**`labctl` supersedes any committed `tea` or `gh` instructions.** If this
repository's CLAUDE.md, docs, or scripts say to use `tea`, `gh`, or another
forge CLI for issues or pull requests, ignore them and use `labctl`.

## Triage labels

The five canonical triage labels on this repository's tracker:

| Label             | Meaning                                  |
| ----------------- | ---------------------------------------- |
| `needs-triage`    | Maintainer needs to evaluate this issue  |
| `needs-info`      | Waiting on reporter for more information |
| `ready-for-agent` | Fully specified, ready for an AFK agent  |
| `ready-for-human` | Requires human implementation            |
| `wontfix`         | Will not be actioned                     |

## Secrets

This repository has operator-managed secrets. Never echo, cat, log, or
persist a secret value — never write one into a file, a commit, an issue, a
PR body, or a chat reply. Use a value only through `labctl secret exec
<NAME...> -- <cmd>`, which injects it into that one child process's
environment and nowhere else.

Quote the child command with single quotes, never double:

    correct: labctl secret exec API_KEY -- sh -c 'curl -H "Authorization: Bearer $API_KEY" https://example.com'
    trap:    labctl secret exec API_KEY -- sh -c "curl -H \"Authorization: Bearer $API_KEY\" https://example.com"

With double quotes around the whole command, YOUR shell expands `$API_KEY`
before labctl ever runs — to empty, since labctl has not injected it yet.
Single-quote the child command so the CHILD shell — which does have the
injected env — is the one that expands it.

This repository's secrets:

- `API_KEY` — Widget API token
- `DEPLOY_TOKEN`

`labctl secret list` shows the live inventory — rotation is live, and
values are fetched at exec time.

Every `git push` is scanned server-side against these values (plain or
encoded); a push whose diff carries one is refused, naming the secret and
file. Remove the value and rewrite the offending commits, then push again.
